main.c:188:5:main	200	static
main.c:431:6:SystemClock_Config	88	static
main.c:475:13:MX_I2C2_Init	8	static
main.c:509:13:MX_TIM1_Init	32	static
main.c:555:13:MX_TIM2_Init	32	static
main.c:600:13:MX_TIM4_Init	64	static
main.c:671:13:MX_TIM12_Init	40	static
main.c:722:13:MX_USART3_UART_Init	8	static
main.c:753:13:MX_DMA_Init	16	static
main.c:771:13:MX_GPIO_Init	48	static
main.c:805:7:ABS	16	static
main.c:815:19:ICM20689_Read	112	static
main.c:880:19:ICM20689_Config	112	static
main.c:986:6:Update_Motors	16	static
main.c:1025:6:Calculate_PIDs	16	static
main.c:1067:6:Calculate_SetPoints	4	static
main.c:1100:6:HC_SR04_Read	8	static
main.c:1133:6:uSec_Delay	16	static
main.c:1144:6:Check_Faults	4	static
main.c:1148:6:HAL_TIM_IC_CaptureCalllback	16	static
main.c:1160:6:HAL_UART_RxCpltCallback	32	static
main.c:1179:6:Error_Handler	4	static,ignoring_inline_asm
